### 2026-08-30T22:12:14Z 最終検証 ###
cwd=/Users/macmini/Projects/viewport-deck  branch=brand/viewport-break-logo-final  HEAD=96fde1f777a198492d9e20456632c00bf26d1c96

--- 1. node extension tests ---
[viewport-deck] 375px に届かず 500px で停止（api）
[viewport-deck] Error: 対象ウィンドウを取得できない
    at Object.getCurrent (file:///Users/macmini/Projects/viewport-deck/extension/tests/background.test.mjs:19:35)
    at getTargetWindow (file:///Users/macmini/Projects/viewport-deck/extension/core.js:52:34)
    at setWidth (file:///Users/macmini/Projects/viewport-deck/extension/core.js:67:21)
    at file:///Users/macmini/Projects/viewport-deck/extension/background.js:35:21
    at file:///Users/macmini/Projects/viewport-deck/extension/tests/background.test.mjs:58:7
background.test.mjs: PASS
exit=0

--- 2. packaging release contract ---
----------------------------------------------------------------------
Ran 4 tests in 0.078s

OK
exit=0

--- 3. extension id ---
{"expected": "ejlimgikbnaihoigbcmelaadniiminfj", "extension_id": "ejlimgikbnaihoigbcmelaadniiminfj", "manifest": "/Users/macmini/Projects/viewport-deck/extension/manifest.json", "ok": true}
exit=0

--- 4. brand assets 再生成（冪等）---
  小サイズの輝度ゲイン: {"fullbleed@120": 1.0, "fullbleed@20": 1.83, "fullbleed@29": 1.33, "fullbleed@40": 1.27, "fullbleed@58": 1.14, "fullbleed@60": 1.1, "fullbleed@76": 1.03, "fullbleed@80": 1.03, "fullbleed@87": 1.02, "macos@128": 1.0, "macos@16": 2.12, "macos@32": 1.49, "macos@64": 1.09, "rounded@16": 1.84, "rounded@32": 1.31, "rounded@48": 1.18, "rounded@96": 1.01}
  合計 49 ファイル → /Users/macmini/Projects/viewport-deck/assets/brand/out
exit=0
（空なら派生物は再生成しても同一）

--- 5. DMG build ---
[1m▸ 拡張 ID の固定を検証する[0m
  拡張 ID = ejlimgikbnaihoigbcmelaadniiminfj （manifest の key と helper が一致）
  iconset: 10 枚（/Users/macmini/Projects/viewport-deck/assets/brand/out/macos/AppIcon.iconset）
  icns: 8 representations
[1m▸ 完了[0m
  sha256 ea13eed09eb65aae16ed240eccafaa949b8521fad3f3e37d4a38369832875a85
  検証値   /Users/macmini/Projects/viewport-deck/build/VIEWPORT BREAK 1.0.1.dmg.sha256
exit=0
